system-atlas/repairs/EARLY_DECISION_QUEUE.md
system-atlas/repairs/EXECUTION_MODEL_VALIDATION.md
system-atlas/repairs/GAP_DISPOSITIONS.yaml
system-atlas/repairs/README.md
system-atlas/repairs/REPAIR_DAG.yaml
system-atlas/repairs/REPAIR_REGISTRY.yaml
system-atlas/repairs/ROOT_CAUSE_CLUSTERS.yaml
system-atlas/repairs/WAVE_02_IMPLEMENTATION_PLAN.md
system-atlas/repairs/WAVE_02_PROBLEM_ANALYSIS.md
system-atlas/repairs/_raw/wave-02/rp-01/EXECUTION.md
system-atlas/repairs/_raw/wave-02/rp-01/gitnexus_query_anything_impact.log
system-atlas/repairs/_raw/wave-02/rp-01/gmail_agent_commit_scope.log
system-atlas/repairs/_raw/wave-02/rp-01/gmail_agent_patch.diff
system-atlas/repairs/_raw/wave-02/rp-01/gmail_agent_post_commit_status.log
system-atlas/repairs/_raw/wave-02/rp-01/gmail_agent_retrieval_tests.log
system-atlas/repairs/_raw/wave-02/rp-01/gmail_agent_retrieval_tests_post_commit.log
system-atlas/repairs/_raw/wave-02/rp-01/repo_state_after_commit.json
system-atlas/repairs/_raw/wave-02/rp-01/repo_state_before_commit.json
system-atlas/repairs/_raw/wave-02/rp-01/rp01_rp20_active_code_scan.log
system-atlas/repairs/_raw/wave-02/rp-01/staged_diff_stat.log
system-atlas/repairs/_raw/wave-02/rp-01/staged_paths.log
system-atlas/repairs/_raw/wave-02/rp-20/EXECUTION.md
system-atlas/repairs/_raw/wave-02/rp-20/gitnexus_build_community_summary_impact.log
system-atlas/repairs/_raw/wave-02/rp-20/rag_backend_commit_scope.log
system-atlas/repairs/_raw/wave-02/rp-20/rag_backend_graphrag_tests.log
system-atlas/repairs/_raw/wave-02/rp-20/rag_backend_graphrag_tests_post_commit.log
system-atlas/repairs/_raw/wave-02/rp-20/rag_backend_patch.diff
system-atlas/repairs/_raw/wave-02/rp-20/rag_backend_post_commit_status.log
system-atlas/repairs/_raw/wave-02/rp-20/repo_state_after_commit.json
system-atlas/repairs/_raw/wave-02/rp-20/repo_state_before_commit.json
system-atlas/repairs/_raw/wave-02/rp-20/rp01_rp20_active_code_scan.log
system-atlas/repairs/_raw/wave-02/rp-20/staged_diff_stat.log
system-atlas/repairs/_raw/wave-02/rp-20/staged_paths.log

